nohup: ignoring input

  .   ____          _            __ _ _
 /\\ / ___'_ __ _ _(_)_ __  __ _ \ \ \ \
( ( )\___ | '_ | '_| | '_ \/ _` | \ \ \ \
 \\/  ___)| |_)| | | | | || (_| |  ) ) ) )
  '  |____| .__|_| |_|_| |_\__, | / / / /
 =========|_|==============|___/=/_/_/_/

 :: Spring Boot ::                (v3.5.4)

2025-10-25T10:38:47.630-05:00  INFO 6900 --- [FrankySabado] [           main] c.e.F.FrankySabadoApplication            : Starting FrankySabadoApplication v0.0.1-SNAPSHOT using Java 22.0.1 with PID 6900 (C:\Users\Usuario\Desktop\Integrador_back2_sabados\target\FrankySabado-0.0.1-SNAPSHOT.jar started by Usuario in C:\Users\Usuario\Desktop\Integrador_back2_sabados)
2025-10-25T10:38:47.635-05:00  INFO 6900 --- [FrankySabado] [           main] c.e.F.FrankySabadoApplication            : No active profile set, falling back to 1 default profile: "default"
2025-10-25T10:38:49.731-05:00  INFO 6900 --- [FrankySabado] [           main] .s.d.r.c.RepositoryConfigurationDelegate : Bootstrapping Spring Data JPA repositories in DEFAULT mode.
2025-10-25T10:38:49.882-05:00  INFO 6900 --- [FrankySabado] [           main] .s.d.r.c.RepositoryConfigurationDelegate : Finished Spring Data repository scanning in 115 ms. Found 4 JPA repository interfaces.
2025-10-25T10:38:51.240-05:00  INFO 6900 --- [FrankySabado] [           main] o.s.b.w.embedded.tomcat.TomcatWebServer  : Tomcat initialized with port 8081 (http)
2025-10-25T10:38:51.272-05:00  INFO 6900 --- [FrankySabado] [           main] o.apache.catalina.core.StandardService   : Starting service [Tomcat]
2025-10-25T10:38:51.272-05:00  INFO 6900 --- [FrankySabado] [           main] o.apache.catalina.core.StandardEngine    : Starting Servlet engine: [Apache Tomcat/10.1.43]
2025-10-25T10:38:51.351-05:00  INFO 6900 --- [FrankySabado] [           main] o.a.c.c.C.[Tomcat].[localhost].[/]       : Initializing Spring embedded WebApplicationContext
2025-10-25T10:38:51.355-05:00  INFO 6900 --- [FrankySabado] [           main] w.s.c.ServletWebServerApplicationContext : Root WebApplicationContext: initialization completed in 3584 ms
2025-10-25T10:38:51.804-05:00  INFO 6900 --- [FrankySabado] [           main] o.hibernate.jpa.internal.util.LogHelper  : HHH000204: Processing PersistenceUnitInfo [name: default]
2025-10-25T10:38:51.953-05:00  INFO 6900 --- [FrankySabado] [           main] org.hibernate.Version                    : HHH000412: Hibernate ORM core version 6.6.22.Final
2025-10-25T10:38:52.036-05:00  INFO 6900 --- [FrankySabado] [           main] o.h.c.internal.RegionFactoryInitiator    : HHH000026: Second-level cache disabled
2025-10-25T10:38:52.863-05:00  INFO 6900 --- [FrankySabado] [           main] o.s.o.j.p.SpringPersistenceUnitInfo      : No LoadTimeWeaver setup: ignoring JPA class transformer
2025-10-25T10:38:52.942-05:00  INFO 6900 --- [FrankySabado] [           main] com.zaxxer.hikari.HikariDataSource       : HikariPool-1 - Starting...
2025-10-25T10:38:53.394-05:00  INFO 6900 --- [FrankySabado] [           main] com.zaxxer.hikari.pool.HikariPool        : HikariPool-1 - Added connection conn0: url=jdbc:h2:mem:testdb user=SA
2025-10-25T10:38:53.396-05:00  INFO 6900 --- [FrankySabado] [           main] com.zaxxer.hikari.HikariDataSource       : HikariPool-1 - Start completed.
2025-10-25T10:38:53.443-05:00  WARN 6900 --- [FrankySabado] [           main] org.hibernate.orm.deprecation            : HHH90000025: H2Dialect does not need to be specified explicitly using 'hibernate.dialect' (remove the property setting and it will be selected by default)
2025-10-25T10:38:53.505-05:00  INFO 6900 --- [FrankySabado] [           main] org.hibernate.orm.connections.pooling    : HHH10001005: Database info:
	Database JDBC URL [Connecting through datasource 'HikariDataSource (HikariPool-1)']
	Database driver: undefined/unknown
	Database version: 2.3.232
	Autocommit mode: undefined/unknown
	Isolation level: undefined/unknown
	Minimum pool size: undefined/unknown
	Maximum pool size: undefined/unknown
2025-10-25T10:38:55.217-05:00  INFO 6900 --- [FrankySabado] [           main] o.h.e.t.j.p.i.JtaPlatformInitiator       : HHH000489: No JTA platform available (set 'hibernate.transaction.jta.platform' to enable JTA platform integration)
Hibernate: drop table if exists asistencias cascade 
Hibernate: drop table if exists docente cascade 
Hibernate: drop table if exists empresarios cascade 
Hibernate: drop table if exists estudiantes cascade 
Hibernate: drop table if exists familiares cascade 
Hibernate: drop table if exists grupos cascade 
Hibernate: drop table if exists materias cascade 
Hibernate: drop table if exists notas cascade 
Hibernate: drop table if exists usuarios cascade 
Hibernate: create table asistencias (fecha date not null, fk_estudiante integer, id integer generated by default as identity, observacion varchar(100), estado enum ('Asistio','No_asistio') not null, primary key (id))
Hibernate: create table docente (fk_usuario integer unique, id integer generated by default as identity, departamentos enum ('Antioquia','Choco') not null, especialidad enum ('ADMINISTRACION_BD','ANALISIS_NEGOCIOS','ARQUITECTURA_SOFTWARE','CIENCIA_DATOS','CLOUD_COMPUTING','DESARROLLO_BACKEND','DESARROLLO_FRONTEND','DESARROLLO_MOVIL','DEVOPS','GESTION_PROYECTOS','INGENIERIA_DATOS','INTEGRACION_APIS','INTELIGENCIA_ARTIFICIAL','INTERNET_DE_LAS_COSAS','MACHINE_LEARNING','QA_AUTOMATIZADO','QA_MANUAL','REALIDAD_VIRTUAL','SEGURIDAD_INFORMATICA','SOPORTE_TECNICO') not null, nivel_academico enum ('DOCTORADO','ESPECIALIZACION','MAESTRIA','POSTDOCTORADO','PREGRADO','TECNICO','TECNOLOGO') not null, primary key (id))
Hibernate: create table empresarios (fk_usuario integer unique, id integer generated by default as identity, nombre_empresa varchar(255), departamento enum ('Antioquia','Choco'), sector enum ('Agropecuario','Parque_Lleras','TIC'), primary key (id))
Hibernate: create table estudiantes (fecha_nacimiento date not null, fk_usuario integer unique, id integer generated by default as identity, promedio float(53) not null, fk_grupo bigint, primary key (id))
Hibernate: create table familiares (fk_estudiante integer, fk_usuario integer unique, id integer generated by default as identity, telefono varchar(20), parentesco varchar(50) not null, primary key (id))
Hibernate: create table grupos (semestre integer not null, id bigint generated by default as identity, "materia-id" bigint not null, nombre varchar(255) not null, primary key (id))
Hibernate: create table materias (docente_id integer not null, id integer generated by default as identity, codigo varchar(50) not null unique, nombre varchar(100) not null, primary key (id))
Hibernate: create table notas (fecha date, fk_estudiante integer, id integer generated by default as identity, valor float(53) not null, comentario varchar(1000), tipo enum ('Final','Parcial','Seguimiento'), primary key (id))
Hibernate: create table usuarios (id integer generated by default as identity, contraseña varchar(10) not null, correo varchar(50) not null unique, nombre varchar(50) not null, estado enum ('Activo','Especial','Inactivo') not null, rol enum ('Administrador','Docente','Empresario','Estudiante','Familiar') not null, primary key (id))
Hibernate: alter table if exists asistencias add constraint FK80x2wnow9k3gl9s3q8gj1mwa4 foreign key (fk_estudiante) references estudiantes
Hibernate: alter table if exists docente add constraint FKcgwf5dnld91unbr8a3kjta1t9 foreign key (fk_usuario) references usuarios
Hibernate: alter table if exists empresarios add constraint FKpe4be0lgxv6smpisq4enwyxoy foreign key (fk_usuario) references usuarios
Hibernate: alter table if exists estudiantes add constraint FKj4kvcjyeq9bt2cjt5edanka5p foreign key (fk_grupo) references grupos
Hibernate: alter table if exists estudiantes add constraint FK8a5v9a246nh5nxtuu8sk4kae4 foreign key (fk_usuario) references usuarios
Hibernate: alter table if exists familiares add constraint FKi3kwl6230yvp1osebl94lmacd foreign key (fk_estudiante) references estudiantes
Hibernate: alter table if exists familiares add constraint FK6vkaj05aajf53door3p50wx62 foreign key (fk_usuario) references usuarios
Hibernate: alter table if exists materias add constraint FKk8xkm3f4idliujsx9kchv3p6m foreign key (docente_id) references docente
Hibernate: alter table if exists notas add constraint FKmlbx3w4b5xnv4obun10xj9ywo foreign key (fk_estudiante) references estudiantes
2025-10-25T10:38:55.356-05:00  INFO 6900 --- [FrankySabado] [           main] j.LocalContainerEntityManagerFactoryBean : Initialized JPA EntityManagerFactory for persistence unit 'default'
2025-10-25T10:38:56.047-05:00  INFO 6900 --- [FrankySabado] [           main] o.s.d.j.r.query.QueryEnhancerFactory     : Hibernate is in classpath; If applicable, HQL parser will be used.
2025-10-25T10:38:57.919-05:00  WARN 6900 --- [FrankySabado] [           main] JpaBaseConfiguration$JpaWebConfiguration : spring.jpa.open-in-view is enabled by default. Therefore, database queries may be performed during view rendering. Explicitly configure spring.jpa.open-in-view to disable this warning
2025-10-25T10:38:58.860-05:00  INFO 6900 --- [FrankySabado] [           main] o.s.b.w.embedded.tomcat.TomcatWebServer  : Tomcat started on port 8081 (http) with context path '/'
2025-10-25T10:38:58.908-05:00  INFO 6900 --- [FrankySabado] [           main] c.e.F.FrankySabadoApplication            : Started FrankySabadoApplication in 12.534 seconds (process running for 13.357)
